#-----------------------------------------------------------
# Vivado v2025.1 (64-bit)
# SW Build 6140274 on Thu May 22 00:12:29 MDT 2025
# IP Build 6138677 on Thu May 22 03:10:11 MDT 2025
# SharedData Build 6139179 on Tue May 20 17:58:58 MDT 2025
# Start of session at: Thu Jan 15 14:27:02 2026
# Process ID         : 10904
# Current directory  : D:/Projekte/Arty/ALU/ALU.runs/impl_1
# Command line       : vivado.exe -log GPIO_demo.vdi -applog -product Vivado -messageDb vivado.pb -mode batch -source GPIO_demo.tcl -notrace
# Log file           : D:/Projekte/Arty/ALU/ALU.runs/impl_1/GPIO_demo.vdi
# Journal file       : D:/Projekte/Arty/ALU/ALU.runs/impl_1\vivado.jou
# Running On         : DESKTOP-E28LK6R
# Platform           : Windows Server 2016 or Windows 10
# Operating System   : 19045
# Processor Detail   : AMD Ryzen 9 5900X 12-Core Processor            
# CPU Frequency      : 3693 MHz
# CPU Physical cores : 12
# CPU Logical cores  : 24
# Host memory        : 34257 MB
# Swap memory        : 5100 MB
# Total Virtual      : 39358 MB
# Available Virtual  : 19500 MB
#-----------------------------------------------------------
source GPIO_demo.tcl -notrace
